C:\Users\alexa\OneDrive\KTH grejer\ID2222 Data Mining\Lab assignments\Lab 5\src\main\java\se\kth\jabeja\io\FileIO.java
C:\Users\alexa\OneDrive\KTH grejer\ID2222 Data Mining\Lab assignments\Lab 5\src\main\java\se\kth\jabeja\config\Config.java
C:\Users\alexa\OneDrive\KTH grejer\ID2222 Data Mining\Lab assignments\Lab 5\src\main\java\se\kth\jabeja\Node.java
C:\Users\alexa\OneDrive\KTH grejer\ID2222 Data Mining\Lab assignments\Lab 5\src\main\java\se\kth\jabeja\Jabeja.java
C:\Users\alexa\OneDrive\KTH grejer\ID2222 Data Mining\Lab assignments\Lab 5\src\main\java\se\kth\jabeja\io\CLI.java
C:\Users\alexa\OneDrive\KTH grejer\ID2222 Data Mining\Lab assignments\Lab 5\src\main\java\se\kth\jabeja\Main.java
C:\Users\alexa\OneDrive\KTH grejer\ID2222 Data Mining\Lab assignments\Lab 5\src\main\java\se\kth\jabeja\config\GraphInitColorPolicy.java
C:\Users\alexa\OneDrive\KTH grejer\ID2222 Data Mining\Lab assignments\Lab 5\src\main\java\se\kth\jabeja\io\GraphReader.java
C:\Users\alexa\OneDrive\KTH grejer\ID2222 Data Mining\Lab assignments\Lab 5\src\main\java\se\kth\jabeja\config\NodeSelectionPolicy.java
C:\Users\alexa\OneDrive\KTH grejer\ID2222 Data Mining\Lab assignments\Lab 5\src\main\java\se\kth\jabeja\rand\RandNoGenerator.java
